#
# There is insufficient memory for the Java Runtime Environment to continue.
# Native memory allocation (malloc) failed to allocate 1048576 bytes. Error detail: AllocateHeap
# Possible reasons:
#   The system is out of physical RAM or swap space
#   This process is running with CompressedOops enabled, and the Java Heap may be blocking the growth of the native heap
# Possible solutions:
#   Reduce memory load on the system
#   Increase physical memory or swap space
#   Check if swap backing store is full
#   Decrease Java heap size (-Xmx/-Xms)
#   Decrease number of Java threads
#   Decrease Java thread stack sizes (-Xss)
#   Set larger code cache with -XX:ReservedCodeCacheSize=
#   JVM is running with Unscaled Compressed Oops mode in which the Java heap is
#     placed in the first 4GB address space. The Java Heap base address is the
#     maximum limit for the native heap growth. Please use -XX:HeapBaseMinAddress
#     to set the Java Heap base and to place the Java Heap above 4GB virtual address.
# This output file may be truncated or incomplete.
#
#  Out of Memory Error (allocation.cpp:44), pid=7488, tid=944
#
# JRE version: OpenJDK Runtime Environment Temurin-21.0.11+10 (21.0.11+10) (build 21.0.11+10-LTS)
# Java VM: OpenJDK 64-Bit Server VM Temurin-21.0.11+10 (21.0.11+10-LTS, mixed mode, sharing, tiered, compressed oops, compressed class ptrs, parallel gc, windows-amd64)
# No core dump will be written. Minidumps are not enabled by default on client versions of Windows
#

---------------  S U M M A R Y ------------

Command Line: --add-modules=ALL-SYSTEM --add-opens=java.base/java.util=ALL-UNNAMED --add-opens=java.base/java.lang=ALL-UNNAMED --add-opens=java.base/sun.nio.fs=ALL-UNNAMED -Declipse.application=org.eclipse.jdt.ls.core.id1 -Dosgi.bundles.defaultStartLevel=4 -Declipse.product=org.eclipse.jdt.ls.core.product -Djava.import.generatesMetadataFilesAtProjectRoot=false -DDetectVMInstallationsJob.disabled=true -Dfile.encoding=utf8 -XX:+UseParallelGC -XX:GCTimeRatio=4 -XX:AdaptiveSizePolicyWeight=90 -Dsun.zip.disableMemoryMapping=true -Xmx2G -Xms100m -Xlog:disable -javaagent:c:\Users\Mohan\.vscode\extensions\redhat.java-1.55.0-win32-x64\lombok\lombok-1.18.39-4050.jar -XX:+HeapDumpOnOutOfMemoryError -XX:HeapDumpPath=c:\Users\Mohan\AppData\Roaming\Code\User\workspaceStorage\129671965edc0bb6df5f8b367c83e60b\redhat.java -Daether.dependencyCollector.impl=bf c:\Users\Mohan\.vscode\extensions\redhat.java-1.55.0-win32-x64\server\plugins\org.eclipse.equinox.launcher_1.7.200.v20260619-2039.jar -configuration c:\Users\Mohan\AppData\Roaming\Code\User\globalStorage\redhat.java\1.55.0\config_win -data c:\Users\Mohan\AppData\Roaming\Code\User\workspaceStorage\129671965edc0bb6df5f8b367c83e60b\redhat.java\jdt_ws --pipe=\\.\pipe\lsp-83bc38d39f8e5204b6002ab7c4a6b50a-sock

Host: AMD Ryzen 3 3250U with Radeon Graphics         , 4 cores, 5G,  Windows 11 , 64 bit Build 26100 (10.0.26100.8521)
Time: Tue Jul  7 07:33:54 2026 India Standard Time elapsed time: 135133.922666 seconds (1d 13h 32m 13s)

---------------  T H R E A D  ---------------

Current thread (0x000001be62e32180):  JavaThread "Attach Listener" daemon [_thread_in_vm, id=944, stack(0x000000a511d00000,0x000000a511e00000) (1024K)]

Stack: [0x000000a511d00000,0x000000a511e00000]
Native frames: (J=compiled Java code, j=interpreted, Vv=VM code, C=native code)
V  [jvm.dll+0x6d7e19]
V  [jvm.dll+0x8b5096]
V  [jvm.dll+0x8b764e]
V  [jvm.dll+0x8b7d33]
V  [jvm.dll+0x284596]
V  [jvm.dll+0xc13c7]
V  [jvm.dll+0x6d86c9]
V  [jvm.dll+0x133616]
V  [jvm.dll+0x3f868e]
V  [jvm.dll+0x85fb0d]
V  [jvm.dll+0x6d664d]
C  [ucrtbase.dll+0x2cd30]
C  [KERNEL32.DLL+0x2e957]
C  [ntdll.dll+0x87c1c]


---------------  P R O C E S S  ---------------

Threads class SMR info:
_java_thread_list=0x000001be42b3e0a0, length=34, elements={
0x000001be62f3d660, 0x000001be62ffa600, 0x000001be62ffd9f0, 0x000001be62e31520,
0x000001be62e32180, 0x000001be62e34bf0, 0x000001be62e35650, 0x000001be62e388a0,
0x000001be62eae8d0, 0x000001be7a5dfdd0, 0x000001be7a72cb90, 0x000001be7f0c8ec0,
0x000001be7f683a80, 0x000001be7f246980, 0x000001be7f243600, 0x000001be41084740,
0x000001be7f20d280, 0x000001be411f81c0, 0x000001be7a564af0, 0x000001be7a567f70,
0x000001be7f1cfb60, 0x000001be7f1cc6e0, 0x000001be7f1cf4d0, 0x000001be7f1cee40,
0x000001be7f1ce7b0, 0x000001be7f1d01f0, 0x000001be7f1cd400, 0x000001be7f1cda90,
0x000001be43572b00, 0x000001be43dd2160, 0x000001be4345d200, 0x000001be43460d10,
0x000001be434613a0, 0x000001be43464820
}

Java Threads: ( => current thread )
  0x000001be62f3d660 JavaThread "main"                              [_thread_blocked, id=8560, stack(0x000000a511600000,0x000000a511700000) (1024K)]
  0x000001be62ffa600 JavaThread "Reference Handler"          daemon [_thread_blocked, id=14784, stack(0x000000a511a00000,0x000000a511b00000) (1024K)]
  0x000001be62ffd9f0 JavaThread "Finalizer"                  daemon [_thread_blocked, id=13520, stack(0x000000a511b00000,0x000000a511c00000) (1024K)]
  0x000001be62e31520 JavaThread "Signal Dispatcher"          daemon [_thread_blocked, id=1956, stack(0x000000a511c00000,0x000000a511d00000) (1024K)]
=>0x000001be62e32180 JavaThread "Attach Listener"            daemon [_thread_in_vm, id=944, stack(0x000000a511d00000,0x000000a511e00000) (1024K)]
  0x000001be62e34bf0 JavaThread "Service Thread"             daemon [_thread_blocked, id=4252, stack(0x000000a511e00000,0x000000a511f00000) (1024K)]
  0x000001be62e35650 JavaThread "Monitor Deflation Thread"   daemon [_thread_blocked, id=2112, stack(0x000000a511f00000,0x000000a512000000) (1024K)]
  0x000001be62e388a0 JavaThread "C2 CompilerThread0"         daemon [_thread_blocked, id=15728, stack(0x000000a512000000,0x000000a512100000) (1024K)]
  0x000001be62eae8d0 JavaThread "C1 CompilerThread0"         daemon [_thread_blocked, id=9284, stack(0x000000a512100000,0x000000a512200000) (1024K)]
  0x000001be7a5dfdd0 JavaThread "Common-Cleaner"             daemon [_thread_blocked, id=14188, stack(0x000000a512200000,0x000000a512300000) (1024K)]
  0x000001be7a72cb90 JavaThread "Notification Thread"        daemon [_thread_blocked, id=14360, stack(0x000000a512300000,0x000000a512400000) (1024K)]
  0x000001be7f0c8ec0 JavaThread "Active Thread: Equinox Container: 3a238dac-ed4f-474d-8062-7381710f2ee1"        [_thread_blocked, id=7664, stack(0x000000a512700000,0x000000a512800000) (1024K)]
  0x000001be7f683a80 JavaThread "Refresh Thread: Equinox Container: 3a238dac-ed4f-474d-8062-7381710f2ee1" daemon [_thread_blocked, id=2728, stack(0x000000a512800000,0x000000a512900000) (1024K)]
  0x000001be7f246980 JavaThread "Framework Event Dispatcher: Equinox Container: 3a238dac-ed4f-474d-8062-7381710f2ee1" daemon [_thread_blocked, id=5264, stack(0x000000a512900000,0x000000a512a00000) (1024K)]
  0x000001be7f243600 JavaThread "Start Level: Equinox Container: 3a238dac-ed4f-474d-8062-7381710f2ee1" daemon [_thread_blocked, id=14768, stack(0x000000a512a00000,0x000000a512b00000) (1024K)]
  0x000001be41084740 JavaThread "Bundle File Closer"         daemon [_thread_blocked, id=17448, stack(0x000000a512b00000,0x000000a512c00000) (1024K)]
  0x000001be7f20d280 JavaThread "SCR Component Actor"        daemon [_thread_blocked, id=13868, stack(0x000000a511400000,0x000000a511500000) (1024K)]
  0x000001be411f81c0 JavaThread "Worker-JM"                         [_thread_blocked, id=10192, stack(0x000000a512c00000,0x000000a512d00000) (1024K)]
  0x000001be7a564af0 JavaThread "JNA Cleaner"                daemon [_thread_blocked, id=2900, stack(0x000000a512e00000,0x000000a512f00000) (1024K)]
  0x000001be7a567f70 JavaThread "Java indexing"              daemon [_thread_blocked, id=1844, stack(0x000000a513300000,0x000000a513400000) (1024K)]
  0x000001be7f1cfb60 JavaThread "Thread-1"                   daemon [_thread_in_native, id=13252, stack(0x000000a513900000,0x000000a513a00000) (1024K)]
  0x000001be7f1cc6e0 JavaThread "Thread-2"                   daemon [_thread_in_native, id=9752, stack(0x000000a513a00000,0x000000a513b00000) (1024K)]
  0x000001be7f1cf4d0 JavaThread "Thread-3"                   daemon [_thread_in_native, id=13932, stack(0x000000a513b00000,0x000000a513c00000) (1024K)]
  0x000001be7f1cee40 JavaThread "Thread-4"                   daemon [_thread_in_native, id=12492, stack(0x000000a513c00000,0x000000a513d00000) (1024K)]
  0x000001be7f1ce7b0 JavaThread "Thread-5"                   daemon [_thread_in_native, id=17684, stack(0x000000a513d00000,0x000000a513e00000) (1024K)]
  0x000001be7f1d01f0 JavaThread "pool-2-thread-1"                   [_thread_blocked, id=8780, stack(0x000000a513e00000,0x000000a513f00000) (1024K)]
  0x000001be7f1cd400 JavaThread "WorkspaceEventsHandler"            [_thread_blocked, id=14696, stack(0x000000a513f00000,0x000000a514000000) (1024K)]
  0x000001be7f1cda90 JavaThread "pool-1-thread-1"                   [_thread_blocked, id=9036, stack(0x000000a514000000,0x000000a514100000) (1024K)]
  0x000001be43572b00 JavaThread "Cleaner-0"                  daemon [_thread_blocked, id=5548, stack(0x000000a513700000,0x000000a513800000) (1024K)]
  0x000001be43dd2160 JavaThread "Worker-13"                         [_thread_blocked, id=19156, stack(0x000000a513100000,0x000000a513200000) (1024K)]
  0x000001be4345d200 JavaThread "Java Debug Server"          daemon [_thread_in_native, id=17484, stack(0x000000a514200000,0x000000a514300000) (1024K)]
  0x000001be43460d10 JavaThread "RxSchedulerPurge-1"         daemon [_thread_blocked, id=7588, stack(0x000000a514400000,0x000000a514500000) (1024K)]
  0x000001be434613a0 JavaThread "RxCachedWorkerPoolEvictor-1" daemon [_thread_blocked, id=5336, stack(0x000000a514500000,0x000000a514600000) (1024K)]
  0x000001be43464820 JavaThread "Worker-15"                         [_thread_blocked, id=11600, stack(0x000000a514100000,0x000000a514200000) (1024K)]
Total: 34

Other Threads:
  0x000001be62e2e0e0 VMThread "VM Thread"                           [id=16076, stack(0x000000a511900000,0x000000a511a00000) (1024K)]
  0x000001be62dcca00 WatcherThread "VM Periodic Task Thread"        [id=10828, stack(0x000000a511800000,0x000000a511900000) (1024K)]
  0x000001be62f5b770 WorkerThread "GC Thread#0"                     [id=13688, stack(0x000000a511700000,0x000000a511800000) (1024K)]
  0x000001be7f39e0e0 WorkerThread "GC Thread#1"                     [id=16972, stack(0x000000a512400000,0x000000a512500000) (1024K)]
  0x000001be7f265340 WorkerThread "GC Thread#2"                     [id=14808, stack(0x000000a512500000,0x000000a512600000) (1024K)]
  0x000001be7f2656f0 WorkerThread "GC Thread#3"                     [id=18256, stack(0x000000a512600000,0x000000a512700000) (1024K)]
Total: 6

Threads with active compile tasks:
Total: 0

VM state: not at safepoint (normal execution)

VM Mutex/Monitor currently owned by a thread: None

Heap address: 0x0000000080000000, size: 2048 MB, Compressed Oops mode: 32-bit

CDS archive(s) mapped at: [0x000001be00000000-0x000001be00ba0000-0x000001be00ba0000), size 12189696, SharedBaseAddress: 0x000001be00000000, ArchiveRelocationMode: 1.
Compressed class space mapped at: 0x000001be01000000-0x000001be41000000, reserved size: 1073741824
Narrow klass base: 0x000001be00000000, Narrow klass shift: 0, Narrow klass range: 0x100000000

GC Precious Log:
 CardTable entry size: 512
 CPUs: 4 total, 4 available
 Memory: 6086M
 Large Page Support: Disabled
 NUMA Support: Disabled
 Compressed Oops: Enabled (32-bit)
 Alignments: Space 512K, Generation 512K, Heap 2M
 Heap Min Capacity: 100M
 Heap Initial Capacity: 100M
 Heap Max Capacity: 2G
 Pre-touch: Disabled
 Parallel Workers: 4

Heap:
 PSYoungGen      total 2560K, used 1997K [0x00000000d5580000, 0x00000000d5a00000, 0x0000000100000000)
  eden space 2048K, 94% used [0x00000000d5580000,0x00000000d5763688,0x00000000d5780000)
  from space 512K, 12% used [0x00000000d5980000,0x00000000d5990000,0x00000000d5a00000)
  to   space 512K, 0% used [0x00000000d5900000,0x00000000d5900000,0x00000000d5980000)
 ParOldGen       total 168960K, used 168827K [0x0000000080000000, 0x000000008a500000, 0x00000000d5580000)
  object space 168960K, 99% used [0x0000000080000000,0x000000008a4dedc0,0x000000008a500000)
 Metaspace       used 90095K, committed 91776K, reserved 1179648K
  class space    used 9347K, committed 10112K, reserved 1048576K

Card table byte_map: [0x000001be628e0000,0x000001be62cf0000] _byte_map_base: 0x000001be624e0000

Marking Bits: (ParMarkBitMap*) 0x00007ff841db4460
 Begin Bits: [0x000001be753f0000, 0x000001be773f0000)
 End Bits:   [0x000001be773f0000, 0x000001be793f0000)

Polling page: 0x000001be60cf0000

Metaspace:

Usage:
  Non-class:     78.86 MB used.
      Class:      9.13 MB used.
       Both:     87.98 MB used.

Virtual space:
  Non-class space:      128.00 MB reserved,      79.75 MB ( 62%) committed,  2 nodes.
      Class space:        1.00 GB reserved,       9.88 MB ( <1%) committed,  1 nodes.
             Both:        1.12 GB reserved,      89.62 MB (  8%) committed. 

Chunk freelists:
   Non-Class:  15.78 MB
       Class:  6.05 MB
        Both:  21.83 MB

MaxMetaspaceSize: unlimited
CompressedClassSpaceSize: 1.00 GB
Initial GC threshold: 21.00 MB
Current GC threshold: 131.06 MB
CDS: on
 - commit_granule_bytes: 65536.
 - commit_granule_words: 8192.
 - virtual_space_node_default_size: 8388608.
 - enlarge_chunks_in_place: 1.
 - use_allocation_guard: 0.


Internal statistics:

num_allocs_failed_limit: 9.
num_arena_births: 1730.
num_arena_deaths: 352.
num_vsnodes_births: 3.
num_vsnodes_deaths: 0.
num_space_committed: 1434.
num_space_uncommitted: 0.
num_chunks_returned_to_freelist: 402.
num_chunks_taken_from_freelist: 6323.
num_chunk_merges: 105.
num_chunk_splits: 3651.
num_chunks_enlarged: 2012.
num_inconsistent_stats: 0.

CodeHeap 'non-profiled nmethods': size=120000Kb used=19213Kb max_used=19213Kb free=100786Kb
 bounds [0x000001be6dc10000, 0x000001be6eee0000, 0x000001be75140000]
CodeHeap 'profiled nmethods': size=120000Kb used=46975Kb max_used=46975Kb free=73024Kb
 bounds [0x000001be66140000, 0x000001be68f20000, 0x000001be6d670000]
CodeHeap 'non-nmethods': size=5760Kb used=1527Kb max_used=1582Kb free=4232Kb
 bounds [0x000001be6d670000, 0x000001be6d8e0000, 0x000001be6dc10000]
CodeCache: size=245760Kb, used=67715Kb, max_used=67770Kb, free=178042Kb
 total_blobs=18911, nmethods=18063, adapters=750, full_count=0
Compilation: enabled, stopped_count=0, restarted_count=0

Compilation events (20 events):
Event: 90752.608 Thread 0x000001be62e388a0 19615       4       java.util.concurrent.ThreadPoolExecutor::ensurePrestart (41 bytes)
Event: 90752.640 Thread 0x000001be62e388a0 nmethod 19615 0x000001be6eec9b90 code [0x000001be6eec9d20, 0x000001be6eec9e28]
Event: 90918.611 Thread 0x000001be62e388a0 19616   !   4       java.lang.Object::wait (50 bytes)
Event: 90918.659 Thread 0x000001be62e388a0 nmethod 19616 0x000001be6eec9f10 code [0x000001be6eeca0e0, 0x000001be6eeca2a0]
Event: 93558.721 Thread 0x000001be62eae8d0 19617       3       org.eclipse.core.internal.jobs.ThreadJob::pop (53 bytes)
Event: 93558.736 Thread 0x000001be62eae8d0 nmethod 19617 0x000001be68f1d310 code [0x000001be68f1d4e0, 0x000001be68f1d898]
Event: 94287.612 Thread 0x000001be62e388a0 19618   !   4       java.util.concurrent.ThreadPoolExecutor::getTask (177 bytes)
Event: 94287.806 Thread 0x000001be62e388a0 nmethod 19618 0x000001be6eeca510 code [0x000001be6eeca840, 0x000001be6eecb698]
Event: 94314.613 Thread 0x000001be62e388a0 19619       4       java.util.concurrent.ScheduledThreadPoolExecutor$DelayedWorkQueue::add (9 bytes)
Event: 94314.628 Thread 0x000001be62e388a0 nmethod 19619 0x000001be6eecc490 code [0x000001be6eecc6c0, 0x000001be6eeccd30]
Event: 94319.609 Thread 0x000001be62e388a0 19620       4       java.util.concurrent.ScheduledThreadPoolExecutor$ScheduledFutureTask::run (57 bytes)
Event: 94319.673 Thread 0x000001be62e388a0 nmethod 19620 0x000001be6eecd310 code [0x000001be6eecd5e0, 0x000001be6eece2c8]
Event: 97838.490 Thread 0x000001be62eae8d0 19621       3       java.util.concurrent.ConcurrentLinkedQueue::first (65 bytes)
Event: 97838.588 Thread 0x000001be62eae8d0 nmethod 19621 0x000001be68f1da10 code [0x000001be68f1dda0, 0x000001be68f1f538]
Event: 115526.273 Thread 0x000001be62e388a0 19622 % !   4       java.util.concurrent.ThreadPoolExecutor::runWorker @ 21 (187 bytes)
Event: 115527.028 Thread 0x000001be62e388a0 nmethod 19622% 0x000001be6eecef90 code [0x000001be6eecf260, 0x000001be6eecfce0]
Event: 135004.008 Thread 0x000001be62e388a0 19623   !   4       java.util.concurrent.ThreadPoolExecutor::runWorker (187 bytes)
Event: 135004.057 Thread 0x000001be62e388a0 nmethod 19623 0x000001be6eed0710 code [0x000001be6eed0a00, 0x000001be6eed1398]
Event: 135004.810 Thread 0x000001be62e388a0 19624 % !   4       java.util.concurrent.ThreadPoolExecutor::runWorker @ 21 (187 bytes)
Event: 135004.869 Thread 0x000001be62e388a0 nmethod 19624% 0x000001be6eed1e10 code [0x000001be6eed2100, 0x000001be6eed2bf0]

GC Heap History (20 events):
Event: 89853.643 GC heap before
{Heap before GC invocations=367 (full 4):
 PSYoungGen      total 2560K, used 2144K [0x00000000d5580000, 0x00000000d5a00000, 0x0000000100000000)
  eden space 2048K, 100% used [0x00000000d5580000,0x00000000d5780000,0x00000000d5780000)
  from space 512K, 18% used [0x00000000d5980000,0x00000000d5998000,0x00000000d5a00000)
  to   space 512K, 0% used [0x00000000d5900000,0x00000000d5900000,0x00000000d5980000)
 ParOldGen       total 164864K, used 164861K [0x0000000080000000, 0x000000008a100000, 0x00000000d5580000)
  object space 164864K, 99% used [0x0000000080000000,0x000000008a0ff6c0,0x000000008a100000)
 Metaspace       used 89865K, committed 91456K, reserved 1179648K
  class space    used 9324K, committed 10048K, reserved 1048576K
}
Event: 89853.895 GC heap after
{Heap after GC invocations=367 (full 4):
 PSYoungGen      total 2560K, used 192K [0x00000000d5580000, 0x00000000d5a00000, 0x0000000100000000)
  eden space 2048K, 0% used [0x00000000d5580000,0x00000000d5580000,0x00000000d5780000)
  from space 512K, 37% used [0x00000000d5900000,0x00000000d5930000,0x00000000d5980000)
  to   space 512K, 0% used [0x00000000d5980000,0x00000000d5980000,0x00000000d5a00000)
 ParOldGen       total 164864K, used 164861K [0x0000000080000000, 0x000000008a100000, 0x00000000d5580000)
  object space 164864K, 99% used [0x0000000080000000,0x000000008a0ff6c0,0x000000008a100000)
 Metaspace       used 89865K, committed 91456K, reserved 1179648K
  class space    used 9324K, committed 10048K, reserved 1048576K
}
Event: 89862.292 GC heap before
{Heap before GC invocations=368 (full 4):
 PSYoungGen      total 2560K, used 2239K [0x00000000d5580000, 0x00000000d5a00000, 0x0000000100000000)
  eden space 2048K, 99% used [0x00000000d5580000,0x00000000d577ffe8,0x00000000d5780000)
  from space 512K, 37% used [0x00000000d5900000,0x00000000d5930000,0x00000000d5980000)
  to   space 512K, 0% used [0x00000000d5980000,0x00000000d5980000,0x00000000d5a00000)
 ParOldGen       total 164864K, used 164861K [0x0000000080000000, 0x000000008a100000, 0x00000000d5580000)
  object space 164864K, 99% used [0x0000000080000000,0x000000008a0ff6c0,0x000000008a100000)
 Metaspace       used 89950K, committed 91648K, reserved 1179648K
  class space    used 9337K, committed 10112K, reserved 1048576K
}
Event: 89862.307 GC heap after
{Heap after GC invocations=368 (full 4):
 PSYoungGen      total 2560K, used 502K [0x00000000d5580000, 0x00000000d5a00000, 0x0000000100000000)
  eden space 2048K, 0% used [0x00000000d5580000,0x00000000d5580000,0x00000000d5780000)
  from space 512K, 98% used [0x00000000d5980000,0x00000000d59fd800,0x00000000d5a00000)
  to   space 1024K, 0% used [0x00000000d5800000,0x00000000d5800000,0x00000000d5900000)
 ParOldGen       total 165376K, used 164909K [0x0000000080000000, 0x000000008a180000, 0x00000000d5580000)
  object space 165376K, 99% used [0x0000000080000000,0x000000008a10b6c0,0x000000008a180000)
 Metaspace       used 89950K, committed 91648K, reserved 1179648K
  class space    used 9337K, committed 10112K, reserved 1048576K
}
Event: 89864.792 GC heap before
{Heap before GC invocations=369 (full 4):
 PSYoungGen      total 2560K, used 2549K [0x00000000d5580000, 0x00000000d5a00000, 0x0000000100000000)
  eden space 2048K, 99% used [0x00000000d5580000,0x00000000d577fff0,0x00000000d5780000)
  from space 512K, 98% used [0x00000000d5980000,0x00000000d59fd800,0x00000000d5a00000)
  to   space 1024K, 0% used [0x00000000d5800000,0x00000000d5800000,0x00000000d5900000)
 ParOldGen       total 165376K, used 164909K [0x0000000080000000, 0x000000008a180000, 0x00000000d5580000)
  object space 165376K, 99% used [0x0000000080000000,0x000000008a10b6c0,0x000000008a180000)
 Metaspace       used 89974K, committed 91648K, reserved 1179648K
  class space    used 9339K, committed 10112K, reserved 1048576K
}
Event: 89864.811 GC heap after
{Heap after GC invocations=369 (full 4):
 PSYoungGen      total 3072K, used 224K [0x00000000d5580000, 0x00000000d5a00000, 0x0000000100000000)
  eden space 2048K, 0% used [0x00000000d5580000,0x00000000d5580000,0x00000000d5780000)
  from space 1024K, 21% used [0x00000000d5800000,0x00000000d5838000,0x00000000d5900000)
  to   space 512K, 0% used [0x00000000d5980000,0x00000000d5980000,0x00000000d5a00000)
 ParOldGen       total 165376K, used 165366K [0x0000000080000000, 0x000000008a180000, 0x00000000d5580000)
  object space 165376K, 99% used [0x0000000080000000,0x000000008a17da28,0x000000008a180000)
 Metaspace       used 89974K, committed 91648K, reserved 1179648K
  class space    used 9339K, committed 10112K, reserved 1048576K
}
Event: 89865.403 GC heap before
{Heap before GC invocations=370 (full 4):
 PSYoungGen      total 3072K, used 2272K [0x00000000d5580000, 0x00000000d5a00000, 0x0000000100000000)
  eden space 2048K, 100% used [0x00000000d5580000,0x00000000d5780000,0x00000000d5780000)
  from space 1024K, 21% used [0x00000000d5800000,0x00000000d5838000,0x00000000d5900000)
  to   space 512K, 0% used [0x00000000d5980000,0x00000000d5980000,0x00000000d5a00000)
 ParOldGen       total 165376K, used 165366K [0x0000000080000000, 0x000000008a180000, 0x00000000d5580000)
  object space 165376K, 99% used [0x0000000080000000,0x000000008a17da28,0x000000008a180000)
 Metaspace       used 90005K, committed 91712K, reserved 1179648K
  class space    used 9340K, committed 10112K, reserved 1048576K
}
Event: 89865.408 GC heap after
{Heap after GC invocations=370 (full 4):
 PSYoungGen      total 2560K, used 512K [0x00000000d5580000, 0x00000000d5b80000, 0x0000000100000000)
  eden space 2048K, 0% used [0x00000000d5580000,0x00000000d5580000,0x00000000d5780000)
  from space 512K, 100% used [0x00000000d5980000,0x00000000d5a00000,0x00000000d5a00000)
  to   space 2048K, 0% used [0x00000000d5780000,0x00000000d5780000,0x00000000d5980000)
 ParOldGen       total 166912K, used 166538K [0x0000000080000000, 0x000000008a300000, 0x00000000d5580000)
  object space 166912K, 99% used [0x0000000080000000,0x000000008a2a2b48,0x000000008a300000)
 Metaspace       used 90005K, committed 91712K, reserved 1179648K
  class space    used 9340K, committed 10112K, reserved 1048576K
}
Event: 89865.463 GC heap before
{Heap before GC invocations=371 (full 4):
 PSYoungGen      total 2560K, used 2560K [0x00000000d5580000, 0x00000000d5b80000, 0x0000000100000000)
  eden space 2048K, 100% used [0x00000000d5580000,0x00000000d5780000,0x00000000d5780000)
  from space 512K, 100% used [0x00000000d5980000,0x00000000d5a00000,0x00000000d5a00000)
  to   space 2048K, 0% used [0x00000000d5780000,0x00000000d5780000,0x00000000d5980000)
 ParOldGen       total 166912K, used 166538K [0x0000000080000000, 0x000000008a300000, 0x00000000d5580000)
  object space 166912K, 99% used [0x0000000080000000,0x000000008a2a2b48,0x000000008a300000)
 Metaspace       used 90006K, committed 91712K, reserved 1179648K
  class space    used 9340K, committed 10112K, reserved 1048576K
}
Event: 89865.477 GC heap after
{Heap after GC invocations=371 (full 4):
 PSYoungGen      total 4096K, used 1472K [0x00000000d5580000, 0x00000000d5b80000, 0x0000000100000000)
  eden space 2048K, 0% used [0x00000000d5580000,0x00000000d5580000,0x00000000d5780000)
  from space 2048K, 71% used [0x00000000d5780000,0x00000000d58f0000,0x00000000d5980000)
  to   space 2048K, 0% used [0x00000000d5980000,0x00000000d5980000,0x00000000d5b80000)
 ParOldGen       total 167424K, used 167074K [0x0000000080000000, 0x000000008a380000, 0x00000000d5580000)
  object space 167424K, 99% used [0x0000000080000000,0x000000008a328bc0,0x000000008a380000)
 Metaspace       used 90006K, committed 91712K, reserved 1179648K
  class space    used 9340K, committed 10112K, reserved 1048576K
}
Event: 89868.435 GC heap before
{Heap before GC invocations=372 (full 4):
 PSYoungGen      total 4096K, used 3520K [0x00000000d5580000, 0x00000000d5b80000, 0x0000000100000000)
  eden space 2048K, 100% used [0x00000000d5580000,0x00000000d5780000,0x00000000d5780000)
  from space 2048K, 71% used [0x00000000d5780000,0x00000000d58f0000,0x00000000d5980000)
  to   space 2048K, 0% used [0x00000000d5980000,0x00000000d5980000,0x00000000d5b80000)
 ParOldGen       total 167424K, used 167074K [0x0000000080000000, 0x000000008a380000, 0x00000000d5580000)
  object space 167424K, 99% used [0x0000000080000000,0x000000008a328bc0,0x000000008a380000)
 Metaspace       used 90089K, committed 91776K, reserved 1179648K
  class space    used 9347K, committed 10112K, reserved 1048576K
}
Event: 89868.443 GC heap after
{Heap after GC invocations=372 (full 4):
 PSYoungGen      total 3072K, used 528K [0x00000000d5580000, 0x00000000d5a80000, 0x0000000100000000)
  eden space 2048K, 0% used [0x00000000d5580000,0x00000000d5580000,0x00000000d5780000)
  from space 1024K, 51% used [0x00000000d5980000,0x00000000d5a04010,0x00000000d5a80000)
  to   space 1024K, 0% used [0x00000000d5880000,0x00000000d5880000,0x00000000d5980000)
 ParOldGen       total 168960K, used 168475K [0x0000000080000000, 0x000000008a500000, 0x00000000d5580000)
  object space 168960K, 99% used [0x0000000080000000,0x000000008a486da0,0x000000008a500000)
 Metaspace       used 90089K, committed 91776K, reserved 1179648K
  class space    used 9347K, committed 10112K, reserved 1048576K
}
Event: 90211.602 GC heap before
{Heap before GC invocations=373 (full 4):
 PSYoungGen      total 3072K, used 2576K [0x00000000d5580000, 0x00000000d5a80000, 0x0000000100000000)
  eden space 2048K, 100% used [0x00000000d5580000,0x00000000d5780000,0x00000000d5780000)
  from space 1024K, 51% used [0x00000000d5980000,0x00000000d5a04010,0x00000000d5a80000)
  to   space 1024K, 0% used [0x00000000d5880000,0x00000000d5880000,0x00000000d5980000)
 ParOldGen       total 168960K, used 168475K [0x0000000080000000, 0x000000008a500000, 0x00000000d5580000)
  object space 168960K, 99% used [0x0000000080000000,0x000000008a486da0,0x000000008a500000)
 Metaspace       used 90089K, committed 91776K, reserved 1179648K
  class space    used 9347K, committed 10112K, reserved 1048576K
}
Event: 90211.616 GC heap after
{Heap after GC invocations=373 (full 4):
 PSYoungGen      total 3072K, used 128K [0x00000000d5580000, 0x00000000d5a00000, 0x0000000100000000)
  eden space 2048K, 0% used [0x00000000d5580000,0x00000000d5580000,0x00000000d5780000)
  from space 1024K, 12% used [0x00000000d5880000,0x00000000d58a0000,0x00000000d5980000)
  to   space 512K, 0% used [0x00000000d5980000,0x00000000d5980000,0x00000000d5a00000)
 ParOldGen       total 168960K, used 168787K [0x0000000080000000, 0x000000008a500000, 0x00000000d5580000)
  object space 168960K, 99% used [0x0000000080000000,0x000000008a4d4dc0,0x000000008a500000)
 Metaspace       used 90089K, committed 91776K, reserved 1179648K
  class space    used 9347K, committed 10112K, reserved 1048576K
}
Event: 100216.073 GC heap before
{Heap before GC invocations=374 (full 4):
 PSYoungGen      total 3072K, used 2176K [0x00000000d5580000, 0x00000000d5a00000, 0x0000000100000000)
  eden space 2048K, 100% used [0x00000000d5580000,0x00000000d5780000,0x00000000d5780000)
  from space 1024K, 12% used [0x00000000d5880000,0x00000000d58a0000,0x00000000d5980000)
  to   space 512K, 0% used [0x00000000d5980000,0x00000000d5980000,0x00000000d5a00000)
 ParOldGen       total 168960K, used 168787K [0x0000000080000000, 0x000000008a500000, 0x00000000d5580000)
  object space 168960K, 99% used [0x0000000080000000,0x000000008a4d4dc0,0x000000008a500000)
 Metaspace       used 90095K, committed 91776K, reserved 1179648K
  class space    used 9347K, committed 10112K, reserved 1048576K
}
Event: 100216.976 GC heap after
{Heap after GC invocations=374 (full 4):
 PSYoungGen      total 2560K, used 96K [0x00000000d5580000, 0x00000000d5a00000, 0x0000000100000000)
  eden space 2048K, 0% used [0x00000000d5580000,0x00000000d5580000,0x00000000d5780000)
  from space 512K, 18% used [0x00000000d5980000,0x00000000d5998000,0x00000000d5a00000)
  to   space 512K, 0% used [0x00000000d5900000,0x00000000d5900000,0x00000000d5980000)
 ParOldGen       total 168960K, used 168803K [0x0000000080000000, 0x000000008a500000, 0x00000000d5580000)
  object space 168960K, 99% used [0x0000000080000000,0x000000008a4d8dc0,0x000000008a500000)
 Metaspace       used 90095K, committed 91776K, reserved 1179648K
  class space    used 9347K, committed 10112K, reserved 1048576K
}
Event: 115526.472 GC heap before
{Heap before GC invocations=375 (full 4):
 PSYoungGen      total 2560K, used 2144K [0x00000000d5580000, 0x00000000d5a00000, 0x0000000100000000)
  eden space 2048K, 100% used [0x00000000d5580000,0x00000000d5780000,0x00000000d5780000)
  from space 512K, 18% used [0x00000000d5980000,0x00000000d5998000,0x00000000d5a00000)
  to   space 512K, 0% used [0x00000000d5900000,0x00000000d5900000,0x00000000d5980000)
 ParOldGen       total 168960K, used 168803K [0x0000000080000000, 0x000000008a500000, 0x00000000d5580000)
  object space 168960K, 99% used [0x0000000080000000,0x000000008a4d8dc0,0x000000008a500000)
 Metaspace       used 90095K, committed 91776K, reserved 1179648K
  class space    used 9347K, committed 10112K, reserved 1048576K
}
Event: 115526.686 GC heap after
{Heap after GC invocations=375 (full 4):
 PSYoungGen      total 2560K, used 96K [0x00000000d5580000, 0x00000000d5a00000, 0x0000000100000000)
  eden space 2048K, 0% used [0x00000000d5580000,0x00000000d5580000,0x00000000d5780000)
  from space 512K, 18% used [0x00000000d5900000,0x00000000d5918000,0x00000000d5980000)
  to   space 512K, 0% used [0x00000000d5980000,0x00000000d5980000,0x00000000d5a00000)
 ParOldGen       total 168960K, used 168803K [0x0000000080000000, 0x000000008a500000, 0x00000000d5580000)
  object space 168960K, 99% used [0x0000000080000000,0x000000008a4d8dc0,0x000000008a500000)
 Metaspace       used 90095K, committed 91776K, reserved 1179648K
  class space    used 9347K, committed 10112K, reserved 1048576K
}
Event: 135004.271 GC heap before
{Heap before GC invocations=376 (full 4):
 PSYoungGen      total 2560K, used 2144K [0x00000000d5580000, 0x00000000d5a00000, 0x0000000100000000)
  eden space 2048K, 100% used [0x00000000d5580000,0x00000000d5780000,0x00000000d5780000)
  from space 512K, 18% used [0x00000000d5900000,0x00000000d5918000,0x00000000d5980000)
  to   space 512K, 0% used [0x00000000d5980000,0x00000000d5980000,0x00000000d5a00000)
 ParOldGen       total 168960K, used 168803K [0x0000000080000000, 0x000000008a500000, 0x00000000d5580000)
  object space 168960K, 99% used [0x0000000080000000,0x000000008a4d8dc0,0x000000008a500000)
 Metaspace       used 90095K, committed 91776K, reserved 1179648K
  class space    used 9347K, committed 10112K, reserved 1048576K
}
Event: 135004.278 GC heap after
{Heap after GC invocations=376 (full 4):
 PSYoungGen      total 2560K, used 64K [0x00000000d5580000, 0x00000000d5a00000, 0x0000000100000000)
  eden space 2048K, 0% used [0x00000000d5580000,0x00000000d5580000,0x00000000d5780000)
  from space 512K, 12% used [0x00000000d5980000,0x00000000d5990000,0x00000000d5a00000)
  to   space 512K, 0% used [0x00000000d5900000,0x00000000d5900000,0x00000000d5980000)
 ParOldGen       total 168960K, used 168827K [0x0000000080000000, 0x000000008a500000, 0x00000000d5580000)
  object space 168960K, 99% used [0x0000000080000000,0x000000008a4dedc0,0x000000008a500000)
 Metaspace       used 90095K, committed 91776K, reserved 1179648K
  class space    used 9347K, committed 10112K, reserved 1048576K
}

Dll operation events (12 events):
Event: 0.055 Loaded shared library c:\Users\Mohan\.vscode\extensions\redhat.java-1.55.0-win32-x64\jre\21.0.11-win32-x86_64\bin\java.dll
Event: 1.201 Loaded shared library c:\Users\Mohan\.vscode\extensions\redhat.java-1.55.0-win32-x64\jre\21.0.11-win32-x86_64\bin\zip.dll
Event: 1.450 Loaded shared library C:\Users\Mohan\.vscode\extensions\redhat.java-1.55.0-win32-x64\jre\21.0.11-win32-x86_64\bin\instrument.dll
Event: 1.463 Loaded shared library C:\Users\Mohan\.vscode\extensions\redhat.java-1.55.0-win32-x64\jre\21.0.11-win32-x86_64\bin\net.dll
Event: 1.470 Loaded shared library C:\Users\Mohan\.vscode\extensions\redhat.java-1.55.0-win32-x64\jre\21.0.11-win32-x86_64\bin\nio.dll
Event: 1.480 Loaded shared library C:\Users\Mohan\.vscode\extensions\redhat.java-1.55.0-win32-x64\jre\21.0.11-win32-x86_64\bin\zip.dll
Event: 1.594 Loaded shared library C:\Users\Mohan\.vscode\extensions\redhat.java-1.55.0-win32-x64\jre\21.0.11-win32-x86_64\bin\jimage.dll
Event: 2.473 Loaded shared library c:\Users\Mohan\.vscode\extensions\redhat.java-1.55.0-win32-x64\jre\21.0.11-win32-x86_64\bin\verify.dll
Event: 25.048 Loaded shared library C:\Users\Mohan\AppData\Roaming\Code\User\globalStorage\redhat.java\1.55.0\config_win\org.eclipse.equinox.launcher\org.eclipse.equinox.launcher.win32.win32.x86_64_1.3.100.v20260613-0559\eclipse_11924.dll
Event: 69.813 Loaded shared library C:\Users\Mohan\AppData\Local\Temp\jna-74520979\jna15700448906974862485.dll
Event: 83.488 Loaded shared library C:\Users\Mohan\.vscode\extensions\redhat.java-1.55.0-win32-x64\jre\21.0.11-win32-x86_64\bin\sunmscapi.dll
Event: 84.444 Loaded shared library C:\Users\Mohan\.vscode\extensions\redhat.java-1.55.0-win32-x64\jre\21.0.11-win32-x86_64\bin\extnet.dll

Deoptimization events (20 events):
Event: 89898.598 Thread 0x000001be7f0c8ec0 DEOPT PACKING pc=0x000001be6eeaafc4 sp=0x000000a5127ff310
Event: 89898.598 Thread 0x000001be7f0c8ec0 DEOPT UNPACKING pc=0x000001be6d6c3aa2 sp=0x000000a5127ff220 mode 2
Event: 135004.146 Thread 0x000001be43460d10 DEOPT PACKING pc=0x000001be68eb19ee sp=0x000000a5144ff560
Event: 135004.207 Thread 0x000001be43460d10 DEOPT UNPACKING pc=0x000001be6d6c4242 sp=0x000000a5144fead8 mode 0
Event: 135004.307 Thread 0x000001be43460d10 Uncommon trap: trap_request=0xffffffbe fr.pc=0x000001be6eecf970 relative=0x0000000000000710
Event: 135004.307 Thread 0x000001be43460d10 Uncommon trap: reason=profile_predicate action=maybe_recompile pc=0x000001be6eecf970 method=java.util.concurrent.ThreadPoolExecutor.runWorker(Ljava/util/concurrent/ThreadPoolExecutor$Worker;)V @ 21 c2
Event: 135004.317 Thread 0x000001be43460d10 DEOPT PACKING pc=0x000001be6eecf970 sp=0x000000a5144ff620
Event: 135004.489 Thread 0x000001be43460d10 DEOPT UNPACKING pc=0x000001be6d6c3aa2 sp=0x000000a5144ff5e8 mode 2
Event: 135004.493 Thread 0x000001be43460d10 Uncommon trap: trap_request=0xffffffbe fr.pc=0x000001be6eecf970 relative=0x0000000000000710
Event: 135004.493 Thread 0x000001be43460d10 Uncommon trap: reason=profile_predicate action=maybe_recompile pc=0x000001be6eecf970 method=java.util.concurrent.ThreadPoolExecutor.runWorker(Ljava/util/concurrent/ThreadPoolExecutor$Worker;)V @ 21 c2
Event: 135004.493 Thread 0x000001be43460d10 DEOPT PACKING pc=0x000001be6eecf970 sp=0x000000a5144ff620
Event: 135004.642 Thread 0x000001be43460d10 DEOPT UNPACKING pc=0x000001be6d6c3aa2 sp=0x000000a5144ff5e8 mode 2
Event: 135004.643 Thread 0x000001be43460d10 Uncommon trap: trap_request=0xffffffbe fr.pc=0x000001be6eecf970 relative=0x0000000000000710
Event: 135004.643 Thread 0x000001be43460d10 Uncommon trap: reason=profile_predicate action=maybe_recompile pc=0x000001be6eecf970 method=java.util.concurrent.ThreadPoolExecutor.runWorker(Ljava/util/concurrent/ThreadPoolExecutor$Worker;)V @ 21 c2
Event: 135004.643 Thread 0x000001be43460d10 DEOPT PACKING pc=0x000001be6eecf970 sp=0x000000a5144ff620
Event: 135004.643 Thread 0x000001be43460d10 DEOPT UNPACKING pc=0x000001be6d6c3aa2 sp=0x000000a5144ff5e8 mode 2
Event: 135004.644 Thread 0x000001be43460d10 Uncommon trap: trap_request=0xffffffbe fr.pc=0x000001be6eecf970 relative=0x0000000000000710
Event: 135004.644 Thread 0x000001be43460d10 Uncommon trap: reason=profile_predicate action=maybe_recompile pc=0x000001be6eecf970 method=java.util.concurrent.ThreadPoolExecutor.runWorker(Ljava/util/concurrent/ThreadPoolExecutor$Worker;)V @ 21 c2
Event: 135004.644 Thread 0x000001be43460d10 DEOPT PACKING pc=0x000001be6eecf970 sp=0x000000a5144ff620
Event: 135004.808 Thread 0x000001be43460d10 DEOPT UNPACKING pc=0x000001be6d6c3aa2 sp=0x000000a5144ff5e8 mode 2

Classes loaded (20 events):
Event: 3514.103 Loading class java/util/TimerThread
Event: 3514.104 Loading class java/util/TimerThread done
Event: 3514.104 Loading class java/util/Timer$ThreadReaper
Event: 3514.107 Loading class java/util/Timer$ThreadReaper done
Event: 3514.113 Loading class java/util/concurrent/CompletableFuture$UniWhenComplete
Event: 3514.114 Loading class java/util/concurrent/CompletableFuture$UniWhenComplete done
Event: 3514.115 Loading class java/util/concurrent/CompletableFuture$UniCompose
Event: 3514.116 Loading class java/util/concurrent/CompletableFuture$UniCompose done
Event: 3514.116 Loading class java/util/concurrent/CompletableFuture$UniRelay
Event: 3514.116 Loading class java/util/concurrent/CompletableFuture$UniRelay done
Event: 3514.614 Loading class java/util/concurrent/ScheduledThreadPoolExecutor$DelayedWorkQueue$Itr
Event: 3514.614 Loading class java/util/concurrent/ScheduledThreadPoolExecutor$DelayedWorkQueue$Itr done
Event: 3518.077 Loading class java/lang/ProcessHandleImpl$ExitCompletion
Event: 3518.077 Loading class java/lang/ProcessHandleImpl$ExitCompletion done
Event: 3518.077 Loading class java/lang/ProcessHandleImpl$1
Event: 3518.077 Loading class java/lang/ProcessHandleImpl$1 done
Event: 3518.078 Loading class java/util/concurrent/CompletableFuture$UniHandle
Event: 3518.078 Loading class java/util/concurrent/CompletableFuture$UniHandle done
Event: 89864.583 Loading class java/util/concurrent/ThreadPoolExecutor$CallerRunsPolicy
Event: 89864.631 Loading class java/util/concurrent/ThreadPoolExecutor$CallerRunsPolicy done

Classes unloaded (20 events):
Event: 3161.841 Thread 0x000001be62e2e0e0 Unloading class 0x000001be01014800 'java/lang/invoke/LambdaForm$MH+0x000001be01014800'
Event: 3161.841 Thread 0x000001be62e2e0e0 Unloading class 0x000001be0100d800 'java/lang/invoke/LambdaForm$MH+0x000001be0100d800'
Event: 3161.842 Thread 0x000001be62e2e0e0 Unloading class 0x000001be0100d400 'java/lang/invoke/LambdaForm$MH+0x000001be0100d400'
Event: 3161.842 Thread 0x000001be62e2e0e0 Unloading class 0x000001be0100d000 'java/lang/invoke/LambdaForm$MH+0x000001be0100d000'
Event: 3161.842 Thread 0x000001be62e2e0e0 Unloading class 0x000001be0100cc00 'java/lang/invoke/LambdaForm$MH+0x000001be0100cc00'
Event: 3161.842 Thread 0x000001be62e2e0e0 Unloading class 0x000001be0100c800 'java/lang/invoke/LambdaForm$BMH+0x000001be0100c800'
Event: 3161.842 Thread 0x000001be62e2e0e0 Unloading class 0x000001be0100c000 'java/lang/invoke/LambdaForm$DMH+0x000001be0100c000'
Event: 3161.842 Thread 0x000001be62e2e0e0 Unloading class 0x000001be01008c00 'java/lang/invoke/LambdaForm$MH+0x000001be01008c00'
Event: 3161.842 Thread 0x000001be62e2e0e0 Unloading class 0x000001be01008800 'java/lang/invoke/LambdaForm$MH+0x000001be01008800'
Event: 3161.842 Thread 0x000001be62e2e0e0 Unloading class 0x000001be01008400 'java/lang/invoke/LambdaForm$MH+0x000001be01008400'
Event: 3161.842 Thread 0x000001be62e2e0e0 Unloading class 0x000001be01007000 'java/lang/invoke/LambdaForm$MH+0x000001be01007000'
Event: 3161.842 Thread 0x000001be62e2e0e0 Unloading class 0x000001be01006800 'java/lang/invoke/LambdaForm$MH+0x000001be01006800'
Event: 3161.843 Thread 0x000001be62e2e0e0 Unloading class 0x000001be01006400 'java/lang/invoke/LambdaForm$MH+0x000001be01006400'
Event: 3161.843 Thread 0x000001be62e2e0e0 Unloading class 0x000001be01006000 'java/lang/invoke/LambdaForm$MH+0x000001be01006000'
Event: 3161.843 Thread 0x000001be62e2e0e0 Unloading class 0x000001be01005c00 'java/lang/invoke/LambdaForm$BMH+0x000001be01005c00'
Event: 3161.843 Thread 0x000001be62e2e0e0 Unloading class 0x000001be01004800 'java/lang/invoke/LambdaForm$DMH+0x000001be01004800'
Event: 3161.843 Thread 0x000001be62e2e0e0 Unloading class 0x000001be01002800 'java/lang/invoke/LambdaForm$MH+0x000001be01002800'
Event: 3161.843 Thread 0x000001be62e2e0e0 Unloading class 0x000001be01002400 'java/lang/invoke/LambdaForm$MH+0x000001be01002400'
Event: 3161.843 Thread 0x000001be62e2e0e0 Unloading class 0x000001be01002000 'java/lang/invoke/LambdaForm$MH+0x000001be01002000'
Event: 3161.843 Thread 0x000001be62e2e0e0 Unloading class 0x000001be01001800 'java/lang/invoke/LambdaForm$MH+0x000001be01001800'

Classes redefined (0 events):
No events

Internal exceptions (20 events):
Event: 4031.392 Thread 0x000001be43462750 Exception <a 'sun/nio/fs/WindowsException'{0x00000000d56fc690}> (0x00000000d56fc690) 
thrown [s\src\hotspot\share\prims\jni.cpp, line 520]
Event: 4047.517 Thread 0x000001be7a567f70 Exception <a 'sun/nio/fs/WindowsException'{0x00000000d562b7e0}> (0x00000000d562b7e0) 
thrown [s\src\hotspot\share\prims\jni.cpp, line 520]
Event: 4047.886 Thread 0x000001be7a567f70 Exception <a 'sun/nio/fs/WindowsException'{0x00000000d57102a8}> (0x00000000d57102a8) 
thrown [s\src\hotspot\share\prims\jni.cpp, line 520]
Event: 4075.138 Thread 0x000001be43462750 Exception <a 'sun/nio/fs/WindowsException'{0x00000000d579b958}> (0x00000000d579b958) 
thrown [s\src\hotspot\share\prims\jni.cpp, line 520]
Event: 4075.144 Thread 0x000001be43462750 Exception <a 'sun/nio/fs/WindowsException'{0x00000000d57ab9f0}> (0x00000000d57ab9f0) 
thrown [s\src\hotspot\share\prims\jni.cpp, line 520]
Event: 4106.888 Thread 0x000001be7a567f70 Exception <a 'sun/nio/fs/WindowsException'{0x00000000d56c61f8}> (0x00000000d56c61f8) 
thrown [s\src\hotspot\share\prims\jni.cpp, line 520]
Event: 4107.171 Thread 0x000001be7a567f70 Exception <a 'sun/nio/fs/WindowsException'{0x00000000d56fddd0}> (0x00000000d56fddd0) 
thrown [s\src\hotspot\share\prims\jni.cpp, line 520]
Event: 16841.653 Thread 0x000001be7f1cda90 Exception <a 'java/lang/IncompatibleClassChangeError'{0x00000000d55b4cc0}: Found class java.lang.Object, but interface was expected> (0x00000000d55b4cc0) 
thrown [s\src\hotspot\share\interpreter\linkResolver.cpp, line 840]
Event: 89861.893 Thread 0x000001be4345f2d0 Exception <a 'sun/nio/fs/WindowsException'{0x00000000d5701770}> (0x00000000d5701770) 
thrown [s\src\hotspot\share\prims\jni.cpp, line 520]
Event: 89861.916 Thread 0x000001be4345f2d0 Exception <a 'sun/nio/fs/WindowsException'{0x00000000d57061f8}> (0x00000000d57061f8) 
thrown [s\src\hotspot\share\prims\jni.cpp, line 520]
Event: 89861.923 Thread 0x000001be4345f2d0 Exception <a 'sun/nio/fs/WindowsException'{0x00000000d5706908}> (0x00000000d5706908) 
thrown [s\src\hotspot\share\prims\jni.cpp, line 520]
Event: 89861.924 Thread 0x000001be4345f2d0 Exception <a 'sun/nio/fs/WindowsException'{0x00000000d5709848}> (0x00000000d5709848) 
thrown [s\src\hotspot\share\prims\jni.cpp, line 520]
Event: 89861.929 Thread 0x000001be4345f2d0 Exception <a 'sun/nio/fs/WindowsException'{0x00000000d570a610}> (0x00000000d570a610) 
thrown [s\src\hotspot\share\prims\jni.cpp, line 520]
Event: 89861.959 Thread 0x000001be4345f2d0 Exception <a 'sun/nio/fs/WindowsException'{0x00000000d5719a00}> (0x00000000d5719a00) 
thrown [s\src\hotspot\share\prims\jni.cpp, line 520]
Event: 89861.960 Thread 0x000001be4345f2d0 Exception <a 'sun/nio/fs/WindowsException'{0x00000000d571a448}> (0x00000000d571a448) 
thrown [s\src\hotspot\share\prims\jni.cpp, line 520]
Event: 89861.961 Thread 0x000001be4345f2d0 Exception <a 'sun/nio/fs/WindowsException'{0x00000000d571ab58}> (0x00000000d571ab58) 
thrown [s\src\hotspot\share\prims\jni.cpp, line 520]
Event: 89861.963 Thread 0x000001be4345f2d0 Exception <a 'sun/nio/fs/WindowsException'{0x00000000d571c400}> (0x00000000d571c400) 
thrown [s\src\hotspot\share\prims\jni.cpp, line 520]
Event: 89861.964 Thread 0x000001be4345f2d0 Exception <a 'sun/nio/fs/WindowsException'{0x00000000d571cb08}> (0x00000000d571cb08) 
thrown [s\src\hotspot\share\prims\jni.cpp, line 520]
Event: 89861.966 Thread 0x000001be4345f2d0 Exception <a 'sun/nio/fs/WindowsException'{0x00000000d5722d50}> (0x00000000d5722d50) 
thrown [s\src\hotspot\share\prims\jni.cpp, line 520]
Event: 89862.108 Thread 0x000001be7f246980 Exception <a 'java/io/FileNotFoundException'{0x00000000d57565f8}> (0x00000000d57565f8) 
thrown [s\src\hotspot\share\prims\jni.cpp, line 520]

ZGC Phase Switch (0 events):
No events

VM Operations (20 events):
Event: 104725.407 Executing non-safepoint VM operation: HandshakeAllThreads (HandshakeForDeflation)
Event: 104725.407 Executing non-safepoint VM operation: HandshakeAllThreads (HandshakeForDeflation) done
Event: 104725.407 Executing non-safepoint VM operation: RendezvousGCThreads
Event: 104725.407 Executing non-safepoint VM operation: RendezvousGCThreads done
Event: 115526.462 Executing safepoint VM operation: ParallelGCFailedAllocation (Allocation Failure)
Event: 115526.686 Executing safepoint VM operation: ParallelGCFailedAllocation (Allocation Failure) done
Event: 135002.976 Executing non-safepoint VM operation: HandshakeAllThreads (HandshakeForDeflation)
Event: 135002.976 Executing non-safepoint VM operation: HandshakeAllThreads (HandshakeForDeflation) done
Event: 135002.976 Executing non-safepoint VM operation: RendezvousGCThreads
Event: 135002.976 Executing non-safepoint VM operation: RendezvousGCThreads done
Event: 135004.271 Executing safepoint VM operation: ParallelGCFailedAllocation (Allocation Failure)
Event: 135004.278 Executing safepoint VM operation: ParallelGCFailedAllocation (Allocation Failure) done
Event: 135063.120 Executing non-safepoint VM operation: HandshakeAllThreads (HandshakeForDeflation)
Event: 135063.123 Executing non-safepoint VM operation: HandshakeAllThreads (HandshakeForDeflation) done
Event: 135063.124 Executing non-safepoint VM operation: RendezvousGCThreads
Event: 135063.124 Executing non-safepoint VM operation: RendezvousGCThreads done
Event: 135123.360 Executing non-safepoint VM operation: HandshakeAllThreads (HandshakeForDeflation)
Event: 135123.366 Executing non-safepoint VM operation: HandshakeAllThreads (HandshakeForDeflation) done
Event: 135123.366 Executing non-safepoint VM operation: RendezvousGCThreads
Event: 135123.366 Executing non-safepoint VM operation: RendezvousGCThreads done

Memory protections (0 events):
No events

Nmethod flushes (20 events):
Event: 3162.399 Thread 0x000001be62e2e0e0 flushing  nmethod 0x000001be66f45290
Event: 3162.399 Thread 0x000001be62e2e0e0 flushing  nmethod 0x000001be66f46110
Event: 3162.399 Thread 0x000001be62e2e0e0 flushing  nmethod 0x000001be66f48090
Event: 3162.399 Thread 0x000001be62e2e0e0 flushing  nmethod 0x000001be66f48510
Event: 3162.399 Thread 0x000001be62e2e0e0 flushing  nmethod 0x000001be66f4e190
Event: 3162.399 Thread 0x000001be62e2e0e0 flushing  nmethod 0x000001be66f4fb10
Event: 3162.399 Thread 0x000001be62e2e0e0 flushing  nmethod 0x000001be66f53090
Event: 3162.399 Thread 0x000001be62e2e0e0 flushing  nmethod 0x000001be66f56310
Event: 3162.399 Thread 0x000001be62e2e0e0 flushing  nmethod 0x000001be66f58390
Event: 3162.399 Thread 0x000001be62e2e0e0 flushing  nmethod 0x000001be66f60290
Event: 3162.399 Thread 0x000001be62e2e0e0 flushing  nmethod 0x000001be66f64a10
Event: 3162.399 Thread 0x000001be62e2e0e0 flushing  nmethod 0x000001be66f6c910
Event: 3162.399 Thread 0x000001be62e2e0e0 flushing  nmethod 0x000001be66f88690
Event: 3162.399 Thread 0x000001be62e2e0e0 flushing  nmethod 0x000001be66f8c990
Event: 3162.399 Thread 0x000001be62e2e0e0 flushing  nmethod 0x000001be66f8db90
Event: 3162.399 Thread 0x000001be62e2e0e0 flushing  nmethod 0x000001be66f93d90
Event: 3162.399 Thread 0x000001be62e2e0e0 flushing  nmethod 0x000001be66fb1690
Event: 3162.399 Thread 0x000001be62e2e0e0 flushing  nmethod 0x000001be66fe3910
Event: 3162.399 Thread 0x000001be62e2e0e0 flushing  nmethod 0x000001be6700da90
Event: 3162.399 Thread 0x000001be62e2e0e0 flushing  nmethod 0x000001be67087090

Events (20 events):
Event: 4256.794 Thread 0x000001be4345d890 Thread exited: 0x000001be4345d890
Event: 4312.277 Thread 0x000001be4345f2d0 Thread exited: 0x000001be4345f2d0
Event: 4347.488 Thread 0x000001be4345df20 Thread exited: 0x000001be4345df20
Event: 4373.678 Thread 0x000001be43460680 Thread exited: 0x000001be43460680
Event: 4406.943 Thread 0x000001be43463b00 Thread exited: 0x000001be43463b00
Event: 4673.679 Thread 0x000001be43dd2e80 Thread exited: 0x000001be43dd2e80
Event: 5593.121 Thread 0x000001be7f1cda90 Thread added: 0x000001be43460680
Event: 5653.152 Thread 0x000001be43460680 Thread exited: 0x000001be43460680
Event: 10942.843 Thread 0x000001be62e388a0 Thread added: 0x000001be41bdbb10
Event: 10951.572 Thread 0x000001be41bdbb10 Thread exited: 0x000001be41bdbb10
Event: 89852.927 Thread 0x000001be7f1cda90 Thread added: 0x000001be4345f2d0
Event: 89864.675 Thread 0x000001be7f683a80 Thread added: 0x000001be43460680
Event: 89864.698 Thread 0x000001be43460680 Thread added: 0x000001be4345d890
Event: 89864.708 Thread 0x000001be43460680 Thread added: 0x000001be4345e5b0
Event: 89864.711 Thread 0x000001be43460680 Thread added: 0x000001be43462750
Event: 89875.510 Thread 0x000001be4345e5b0 Thread exited: 0x000001be4345e5b0
Event: 89875.521 Thread 0x000001be43460680 Thread exited: 0x000001be43460680
Event: 89875.521 Thread 0x000001be43462750 Thread exited: 0x000001be43462750
Event: 89875.608 Thread 0x000001be4345d890 Thread exited: 0x000001be4345d890
Event: 89926.937 Thread 0x000001be4345f2d0 Thread exited: 0x000001be4345f2d0


Dynamic libraries:
0x00007ff7bf6f0000 - 0x00007ff7bf6fe000 	c:\Users\Mohan\.vscode\extensions\redhat.java-1.55.0-win32-x64\jre\21.0.11-win32-x86_64\bin\java.exe
0x00007ff901ea0000 - 0x00007ff902106000 	C:\WINDOWS\SYSTEM32\ntdll.dll
0x00007ff900a70000 - 0x00007ff900b39000 	C:\WINDOWS\System32\KERNEL32.DLL
0x00007ff8ff760000 - 0x00007ff8ffb5a000 	C:\WINDOWS\System32\KERNELBASE.dll
0x00007ff8ff3e0000 - 0x00007ff8ff52c000 	C:\WINDOWS\System32\ucrtbase.dll
0x00007ff8e39b0000 - 0x00007ff8e39c8000 	c:\Users\Mohan\.vscode\extensions\redhat.java-1.55.0-win32-x64\jre\21.0.11-win32-x86_64\bin\jli.dll
0x00007ff9004c0000 - 0x00007ff900687000 	C:\WINDOWS\System32\USER32.dll
0x00007ff8ff3b0000 - 0x00007ff8ff3d7000 	C:\WINDOWS\System32\win32u.dll
0x00007ff900d70000 - 0x00007ff900d9b000 	C:\WINDOWS\System32\GDI32.dll
0x00007ff8ff130000 - 0x00007ff8ff25b000 	C:\WINDOWS\System32\gdi32full.dll
0x00007ff8ff6b0000 - 0x00007ff8ff753000 	C:\WINDOWS\System32\msvcp_win.dll
0x00007ff8cfcd0000 - 0x00007ff8cfcee000 	c:\Users\Mohan\.vscode\extensions\redhat.java-1.55.0-win32-x64\jre\21.0.11-win32-x86_64\bin\VCRUNTIME140.dll
0x00007ff8e79f0000 - 0x00007ff8e7c82000 	C:\WINDOWS\WinSxS\amd64_microsoft.windows.common-controls_6595b64144ccf1df_6.0.26100.8521_none_3e08b75ce33403b3\COMCTL32.dll
0x00007ff900190000 - 0x00007ff900239000 	C:\WINDOWS\System32\msvcrt.dll
0x00007ff900a30000 - 0x00007ff900a62000 	C:\WINDOWS\System32\IMM32.DLL
0x00007ff8ea8e0000 - 0x00007ff8ea8ec000 	c:\Users\Mohan\.vscode\extensions\redhat.java-1.55.0-win32-x64\jre\21.0.11-win32-x86_64\bin\vcruntime140_1.dll
0x00007ff8aa1f0000 - 0x00007ff8aa27d000 	c:\Users\Mohan\.vscode\extensions\redhat.java-1.55.0-win32-x64\jre\21.0.11-win32-x86_64\bin\msvcp140.dll
0x00007ff8410f0000 - 0x00007ff841e92000 	c:\Users\Mohan\.vscode\extensions\redhat.java-1.55.0-win32-x64\jre\21.0.11-win32-x86_64\bin\server\jvm.dll
0x00007ff900da0000 - 0x00007ff900e56000 	C:\WINDOWS\System32\ADVAPI32.dll
0x00007ff900690000 - 0x00007ff90073a000 	C:\WINDOWS\System32\sechost.dll
0x00007ff8ffce0000 - 0x00007ff8ffdf8000 	C:\WINDOWS\System32\RPCRT4.dll
0x00007ff901bd0000 - 0x00007ff901c50000 	C:\WINDOWS\System32\WS2_32.dll
0x00007ff8fefb0000 - 0x00007ff8ff00e000 	C:\WINDOWS\SYSTEM32\POWRPROF.dll
0x00007ff8f8e40000 - 0x00007ff8f8e76000 	C:\WINDOWS\SYSTEM32\WINMM.dll
0x00007ff8f8e80000 - 0x00007ff8f8e8b000 	C:\WINDOWS\SYSTEM32\VERSION.dll
0x00007ff8fef90000 - 0x00007ff8fefa4000 	C:\WINDOWS\SYSTEM32\UMPDC.dll
0x00007ff8fdec0000 - 0x00007ff8fdedb000 	C:\WINDOWS\SYSTEM32\kernel.appcore.dll
0x00007ff8ea800000 - 0x00007ff8ea80a000 	c:\Users\Mohan\.vscode\extensions\redhat.java-1.55.0-win32-x64\jre\21.0.11-win32-x86_64\bin\jimage.dll
0x00007ff8f4d90000 - 0x00007ff8f4fd2000 	C:\WINDOWS\SYSTEM32\DBGHELP.DLL
0x00007ff8ffe00000 - 0x00007ff900183000 	C:\WINDOWS\System32\combase.dll
0x00007ff9012f0000 - 0x00007ff9013c9000 	C:\WINDOWS\System32\OLEAUT32.dll
0x00007ff8e78c0000 - 0x00007ff8e78fb000 	C:\WINDOWS\SYSTEM32\dbgcore.DLL
0x00007ff8ffb60000 - 0x00007ff8ffc08000 	C:\WINDOWS\System32\bcryptPrimitives.dll
0x00007ff8e39a0000 - 0x00007ff8e39af000 	c:\Users\Mohan\.vscode\extensions\redhat.java-1.55.0-win32-x64\jre\21.0.11-win32-x86_64\bin\instrument.dll
0x00007ff8aca50000 - 0x00007ff8aca70000 	c:\Users\Mohan\.vscode\extensions\redhat.java-1.55.0-win32-x64\jre\21.0.11-win32-x86_64\bin\java.dll
0x00007ff901440000 - 0x00007ff901bc4000 	C:\WINDOWS\System32\SHELL32.dll
0x00007ff8fcd30000 - 0x00007ff8fd5b0000 	C:\WINDOWS\SYSTEM32\windows.storage.dll
0x00007ff900740000 - 0x00007ff900836000 	C:\WINDOWS\System32\SHCORE.dll
0x00007ff9013d0000 - 0x00007ff901437000 	C:\WINDOWS\System32\shlwapi.dll
0x00007ff8ff050000 - 0x00007ff8ff079000 	C:\WINDOWS\SYSTEM32\profapi.dll
0x00007ff8aae10000 - 0x00007ff8aae28000 	c:\Users\Mohan\.vscode\extensions\redhat.java-1.55.0-win32-x64\jre\21.0.11-win32-x86_64\bin\zip.dll
0x00007ff8e3930000 - 0x00007ff8e3940000 	C:\Users\Mohan\.vscode\extensions\redhat.java-1.55.0-win32-x64\jre\21.0.11-win32-x86_64\bin\net.dll
0x00007ff8f4b30000 - 0x00007ff8f4c59000 	C:\WINDOWS\SYSTEM32\WINHTTP.dll
0x00007ff8fe430000 - 0x00007ff8fe49c000 	C:\WINDOWS\system32\mswsock.dll
0x00007ff8cda70000 - 0x00007ff8cda86000 	C:\Users\Mohan\.vscode\extensions\redhat.java-1.55.0-win32-x64\jre\21.0.11-win32-x86_64\bin\nio.dll
0x00007ff8d99d0000 - 0x00007ff8d99e0000 	c:\Users\Mohan\.vscode\extensions\redhat.java-1.55.0-win32-x64\jre\21.0.11-win32-x86_64\bin\verify.dll
0x00007ff8780a0000 - 0x00007ff8780e5000 	C:\Users\Mohan\AppData\Roaming\Code\User\globalStorage\redhat.java\1.55.0\config_win\org.eclipse.equinox.launcher\org.eclipse.equinox.launcher.win32.win32.x86_64_1.3.100.v20260613-0559\eclipse_11924.dll
0x00007ff901c90000 - 0x00007ff901e28000 	C:\WINDOWS\System32\ole32.dll
0x00007ff8fe710000 - 0x00007ff8fe72b000 	C:\WINDOWS\SYSTEM32\CRYPTSP.dll
0x00007ff8fde20000 - 0x00007ff8fde59000 	C:\WINDOWS\system32\rsaenh.dll
0x00007ff8fe4e0000 - 0x00007ff8fe513000 	C:\WINDOWS\SYSTEM32\USERENV.dll
0x00007ff8ff020000 - 0x00007ff8ff04a000 	C:\WINDOWS\SYSTEM32\bcrypt.dll
0x00007ff8fe730000 - 0x00007ff8fe73c000 	C:\WINDOWS\SYSTEM32\CRYPTBASE.dll
0x00007ff8fd8c0000 - 0x00007ff8fd8f3000 	C:\WINDOWS\SYSTEM32\IPHLPAPI.DLL
0x00007ff900430000 - 0x00007ff90043a000 	C:\WINDOWS\System32\NSI.dll
0x00007ff878c10000 - 0x00007ff878c59000 	C:\Users\Mohan\AppData\Local\Temp\jna-74520979\jna15700448906974862485.dll
0x00007ff900420000 - 0x00007ff900428000 	C:\WINDOWS\System32\PSAPI.DLL
0x00007ff8f51a0000 - 0x00007ff8f51bd000 	C:\WINDOWS\SYSTEM32\dhcpcsvc6.DLL
0x00007ff8f5170000 - 0x00007ff8f5195000 	C:\WINDOWS\SYSTEM32\dhcpcsvc.DLL
0x00007ff8cba60000 - 0x00007ff8cba6e000 	C:\Users\Mohan\.vscode\extensions\redhat.java-1.55.0-win32-x64\jre\21.0.11-win32-x86_64\bin\sunmscapi.dll
0x00007ff8ff530000 - 0x00007ff8ff6a8000 	C:\WINDOWS\System32\CRYPT32.dll
0x00007ff8fe930000 - 0x00007ff8fe960000 	C:\WINDOWS\SYSTEM32\ncrypt.dll
0x00007ff8fe8e0000 - 0x00007ff8fe91f000 	C:\WINDOWS\SYSTEM32\NTASN1.dll
0x00007ff8fd950000 - 0x00007ff8fda9a000 	C:\WINDOWS\SYSTEM32\DNSAPI.dll
0x00007ff8fe230000 - 0x00007ff8fe23d000 	C:\WINDOWS\SYSTEM32\DSPARSE.dll
0x00007ff8e90b0000 - 0x00007ff8e90bb000 	C:\Windows\System32\rasadhlp.dll
0x00007ff8f3460000 - 0x00007ff8f34e6000 	C:\WINDOWS\System32\fwpuclnt.dll
0x00007ff8cba50000 - 0x00007ff8cba59000 	C:\Users\Mohan\.vscode\extensions\redhat.java-1.55.0-win32-x64\jre\21.0.11-win32-x86_64\bin\extnet.dll

JVMTI agents:
c:\Users\Mohan\.vscode\extensions\redhat.java-1.55.0-win32-x64\lombok\lombok-1.18.39-4050.jar path:c:\Users\Mohan\.vscode\extensions\redhat.java-1.55.0-win32-x64\jre\21.0.11-win32-x86_64\bin\instrument.dll, loaded, initialized, instrumentlib options:none

dbghelp: loaded successfully - version: 4.0.5 - missing functions: none
symbol engine: initialized successfully - sym options: 0x614 - pdb path: .;c:\Users\Mohan\.vscode\extensions\redhat.java-1.55.0-win32-x64\jre\21.0.11-win32-x86_64\bin;C:\WINDOWS\SYSTEM32;C:\WINDOWS\WinSxS\amd64_microsoft.windows.common-controls_6595b64144ccf1df_6.0.26100.8521_none_3e08b75ce33403b3;c:\Users\Mohan\.vscode\extensions\redhat.java-1.55.0-win32-x64\jre\21.0.11-win32-x86_64\bin\server;C:\Users\Mohan\AppData\Roaming\Code\User\globalStorage\redhat.java\1.55.0\config_win\org.eclipse.equinox.launcher\org.eclipse.equinox.launcher.win32.win32.x86_64_1.3.100.v20260613-0559;C:\Users\Mohan\AppData\Local\Temp\jna-74520979

VM Arguments:
jvm_args: --add-modules=ALL-SYSTEM --add-opens=java.base/java.util=ALL-UNNAMED --add-opens=java.base/java.lang=ALL-UNNAMED --add-opens=java.base/sun.nio.fs=ALL-UNNAMED -Declipse.application=org.eclipse.jdt.ls.core.id1 -Dosgi.bundles.defaultStartLevel=4 -Declipse.product=org.eclipse.jdt.ls.core.product -Djava.import.generatesMetadataFilesAtProjectRoot=false -DDetectVMInstallationsJob.disabled=true -Dfile.encoding=utf8 -XX:+UseParallelGC -XX:GCTimeRatio=4 -XX:AdaptiveSizePolicyWeight=90 -Dsun.zip.disableMemoryMapping=true -Xmx2G -Xms100m -Xlog:disable -javaagent:c:\Users\Mohan\.vscode\extensions\redhat.java-1.55.0-win32-x64\lombok\lombok-1.18.39-4050.jar -XX:+HeapDumpOnOutOfMemoryError -XX:HeapDumpPath=c:\Users\Mohan\AppData\Roaming\Code\User\workspaceStorage\129671965edc0bb6df5f8b367c83e60b\redhat.java -Daether.dependencyCollector.impl=bf 
java_command: c:\Users\Mohan\.vscode\extensions\redhat.java-1.55.0-win32-x64\server\plugins\org.eclipse.equinox.launcher_1.7.200.v20260619-2039.jar -configuration c:\Users\Mohan\AppData\Roaming\Code\User\globalStorage\redhat.java\1.55.0\config_win -data c:\Users\Mohan\AppData\Roaming\Code\User\workspaceStorage\129671965edc0bb6df5f8b367c83e60b\redhat.java\jdt_ws --pipe=\\.\pipe\lsp-83bc38d39f8e5204b6002ab7c4a6b50a-sock
java_class_path (initial): c:\Users\Mohan\.vscode\extensions\redhat.java-1.55.0-win32-x64\server\plugins\org.eclipse.equinox.launcher_1.7.200.v20260619-2039.jar
Launcher Type: SUN_STANDARD

[Global flags]
    uintx AdaptiveSizePolicyWeight                 = 90                                        {product} {command line}
     intx CICompilerCount                          = 3                                         {product} {ergonomic}
    uintx GCTimeRatio                              = 4                                         {product} {command line}
     bool HeapDumpOnOutOfMemoryError               = true                                   {manageable} {command line}
    ccstr HeapDumpPath                             = c:\Users\Mohan\AppData\Roaming\Code\User\workspaceStorage\129671965edc0bb6df5f8b367c83e60b\redhat.java         {manageable} {command line}
   size_t InitialHeapSize                          = 104857600                                 {product} {command line}
   size_t MaxHeapSize                              = 2147483648                                {product} {command line}
   size_t MaxNewSize                               = 715653120                                 {product} {ergonomic}
   size_t MinHeapDeltaBytes                        = 524288                                    {product} {ergonomic}
   size_t MinHeapSize                              = 104857600                                 {product} {command line}
   size_t NewSize                                  = 34603008                                  {product} {ergonomic}
    uintx NonNMethodCodeHeapSize                   = 5832780                                {pd product} {ergonomic}
    uintx NonProfiledCodeHeapSize                  = 122912730                              {pd product} {ergonomic}
   size_t OldSize                                  = 70254592                                  {product} {ergonomic}
    uintx ProfiledCodeHeapSize                     = 122912730                              {pd product} {ergonomic}
    uintx ReservedCodeCacheSize                    = 251658240                              {pd product} {ergonomic}
     bool SegmentedCodeCache                       = true                                      {product} {ergonomic}
   size_t SoftMaxHeapSize                          = 2147483648                             {manageable} {ergonomic}
     bool UseCompressedOops                        = true                           {product lp64_product} {ergonomic}
     bool UseLargePagesIndividualAllocation        = false                                  {pd product} {ergonomic}
     bool UseParallelGC                            = true                                      {product} {command line}

Logging:
Log output configuration:
 #0: stdout all=off uptime,level,tags foldmultilines=false
 #1: stderr all=off uptime,level,tags foldmultilines=false

Release file:
JAVA_VERSION="21.0.11" 
MODULES="java.base java.compiler java.datatransfer java.xml java.prefs java.desktop java.instrument java.logging java.management java.security.sasl java.naming java.rmi java.management.rmi java.net.http java.scripting java.security.jgss java.transaction.xa java.sql java.sql.rowset java.xml.crypto java.se java.smartcardio jdk.accessibility jdk.internal.jvmstat jdk.attach jdk.charsets jdk.internal.opt jdk.zipfs jdk.compiler jdk.crypto.ec jdk.crypto.cryptoki jdk.crypto.mscapi jdk.dynalink jdk.internal.ed jdk.editpad jdk.hotspot.agent jdk.httpserver jdk.internal.le jdk.internal.vm.ci jdk.internal.vm.compiler jdk.internal.vm.compiler.management jdk.jartool jdk.javadoc jdk.jcmd jdk.management jdk.management.agent jdk.jconsole jdk.jdeps jdk.jdwp.agent jdk.jdi jdk.jfr jdk.jshell jdk.jsobject jdk.jstatd jdk.localedata jdk.management.jfr jdk.naming.dns jdk.naming.rmi jdk.net jdk.nio.mapmode jdk.random jdk.sctp jdk.security.auth jdk.security.jgss jdk.unsupported jdk.unsupported.desktop jdk.xml.dom" 

Environment Variables:
PATH=C:\Program Files\Python314\Scripts\;C:\Program Files\Python314\;C:\Program Files\Common Files\Oracle\Java\javapath;C:\WINDOWS\system32;C:\WINDOWS;C:\WINDOWS\System32\Wbem;C:\WINDOWS\System32\WindowsPowerShell\v1.0\;C:\WINDOWS\System32\OpenSSH\;C:\Program Files\Java\jdk-25.0.2\bin;C:\Program Files\Git\cmd;C:\Program Files\Git\mingw64\bin;C:\Program Files\Git\usr\bin;C:\Program Files\nodejs\;C:\Users\Mohan\.local\bin;C:\Users\Mohan\AppData\Local\Microsoft\WindowsApps;C:\Users\Mohan\AppData\Local\Programs\Microsoft VS Code\bin;C:\Users\Mohan\AppData\Local\Programs\Antigravity\bin;C:\Users\Mohan\AppData\Roaming\npm;C:\Users\Mohan\AppData\Local\Programs\cursor\resources\app\bin;C:\Users\Mohan\AppData\Local\Programs\Antigravity IDE\bin
USERNAME=Mohan
OS=Windows_NT
PROCESSOR_IDENTIFIER=AMD64 Family 23 Model 24 Stepping 1, AuthenticAMD
TMP=C:\Users\Mohan\AppData\Local\Temp
TEMP=C:\Users\Mohan\AppData\Local\Temp




Periodic native trim disabled

---------------  S Y S T E M  ---------------

OS:
 Windows 11 , 64 bit Build 26100 (10.0.26100.8521)
OS uptime: 3 days 1:24 hours

CPU: total 4 (initial active 4) (4 cores per cpu, 2 threads per core) family 23 model 24 stepping 1 microcode 0x8108109, cx8, cmov, fxsr, ht, mmx, 3dnowpref, sse, sse2, sse3, ssse3, sse4a, sse4.1, sse4.2, popcnt, lzcnt, tsc, tscinvbit, avx, avx2, aes, clmul, bmi1, bmi2, adx, sha, fma, vzeroupper, clflush, clflushopt, rdtscp, f16c
Processor Information for the first 4 processors :
  Max Mhz: 2600, Current Mhz: 2600, Mhz Limit: 2600

Memory: 4k page, system-wide physical 6086M (508M free)
TotalPageFile size 24518M (AvailPageFile size 5M)
current process WorkingSet (physical memory assigned to process): 8M, peak: 325M
current process commit charge ("private bytes"): 510M, peak: 512M

vm_info: OpenJDK 64-Bit Server VM (21.0.11+10-LTS) for windows-amd64 JRE (21.0.11+10-LTS), built on 2026-04-21T00:00:00Z by "admin" with MS VC++ 17.12 (VS2022)

END.
